// Jest Snapshot v1, https://goo.gl/fbAQLP

exports[`<CopyAdornment /> should match the snapshot 1`] = `
<div>
  <div
    class="MuiInputAdornment-root MuiInputAdornment-positionEnd css-1laqsz7-MuiInputAdornment-root"
  >
    <button
      aria-label="toggle password visibility"
      class="MuiButtonBase-root MuiIconButton-root MuiIconButton-edgeEnd MuiIconButton-sizeMedium css-1yq5fb3-MuiButtonBase-root-MuiIconButton-root"
      tabindex="0"
      type="button"
    >
      <svg
        aria-hidden="true"
        class="MuiSvgIcon-root MuiSvgIcon-fontSizeMedium css-i4bv87-MuiSvgIcon-root"
        data-testid="ContentCopySharpIcon"
        focusable="false"
        viewBox="0 0 24 24"
      >
        <path
          d="M16 1H2v16h2V3h12V1zm5 4H6v18h15V5zm-2 16H8V7h11v14z"
        />
      </svg>
      <span
        class="MuiTouchRipple-root css-8je8zh-MuiTouchRipple-root"
      />
    </button>
  </div>
</div>
`;
